// Jest Snapshot v1, https://goo.gl/fbAQLP

exports[`ホーム画面 1`] = `<Home />`;
